Screen.hpp:104:18:virtual void touchgfx::Screen::afterTransition()	0	static
Screen.hpp:144:18:virtual void touchgfx::Screen::handleTickEvent()	0	static
Screen.hpp:154:18:virtual void touchgfx::Screen::handleKeyEvent(uint8_t)	0	static
TypedText.hpp:65:13:touchgfx::TypedText::~TypedText()	0	static
MainView.hpp:13:13:MainView::~MainView()	0	static
MainView.cpp:9:6:virtual void MainView::setupScreen()	0	static
TypedText.hpp:65:13:virtual touchgfx::TypedText::~TypedText()	8	static
MainView.hpp:13:13:virtual MainView::~MainView()	8	static
MainView.cpp:3:1:MainView::MainView()	16	static
MainView.cpp:15:1:cpp)	0	static
